(zero₁₅)-value addend-(add₆)
(add1₁₇)-value target-(add₆)
(zero₁₆)-value prev-(add1₁₇)
(add₆)-return

(zero₁₅)-value addend-(add₆)
(add1₁₇)-value target-(add₆)
(zero₁₆)-value prev-(add1₁₇)
(add₆)-return

