(add1₁₇)-value!target-(add₆)
(zero₁₅)-value addend-(add₆)
(zero₁₆)-value prev-(add1₁₇)
(add₆)-return

(zero₁₅)-value prev-(add1₁₈)
(add1₁₈)-value

