net_from_port (diff_append₂)-return
  (diff_append₂)-target!value-(diff₆)
  (diff_append₂)-rest value-(diff₅)
  (diff₆)-front value-(cons₇)
  (diff₆)-back tail-(cons₆)
  (cons₇)-head value-(sole₅)
  (cons₇)-tail value-(cons₆)
  (cons₆)-head value-(sole₄)
  (diff₅)-front value-(cons₅)
  (diff₅)-back tail-(cons₅)
  (cons₅)-head value-(sole₃)
end
net_from_port (diff₇)-value!
  (diff₇)-front value-(cons₇)
  (diff₇)-back tail-(cons₅)
  (cons₇)-head value-(sole₅)
  (cons₇)-tail value-(cons₆)
  (cons₆)-head value-(sole₄)
  (cons₆)-tail value-(cons₅)
  (cons₅)-head value-(sole₃)
end
net_from_port (diff_append₄)-return
  (diff_append₄)-target!value-(diff₁₁)
  (diff_append₄)-rest value-(diff₁₀)
  (diff₁₁)-front value-(cons₁₅)
  (diff₁₁)-back tail-(cons₁₄)
  (cons₁₅)-head value-(sole₁₃)
  (cons₁₅)-tail value-(cons₁₄)
  (cons₁₄)-head value-(sole₁₂)
  (diff₁₀)-front value-(cons₁₃)
  (diff₁₀)-back tail-(cons₁₂)
  (cons₁₃)-head value-(sole₁₁)
  (cons₁₃)-tail value-(cons₁₂)
  (cons₁₂)-head value-(sole₁₀)
end
net_from_port (diff₁₂)-value!
  (diff₁₂)-front value-(cons₁₅)
  (diff₁₂)-back tail-(cons₁₂)
  (cons₁₅)-head value-(sole₁₃)
  (cons₁₅)-tail value-(cons₁₄)
  (cons₁₄)-head value-(sole₁₂)
  (cons₁₄)-tail value-(cons₁₃)
  (cons₁₃)-head value-(sole₁₁)
  (cons₁₃)-tail value-(cons₁₂)
  (cons₁₂)-head value-(sole₁₀)
end
