(null₃)-value tail-(cons₈)
(sole₆)-value head-(cons₈)
(cons₈)-value tail-(cons₉)
(sole₇)-value head-(cons₉)
(cons₉)-value tail-(cons₁₀)
(sole₈)-value head-(cons₁₀)
(cons₁₀)-value rest-(append₄)
(null₄)-value tail-(cons₁₁)
(sole₉)-value head-(cons₁₁)
(cons₁₁)-value tail-(cons₁₂)
(sole₁₀)-value head-(cons₁₂)
(cons₁₂)-value tail-(cons₁₃)
(sole₁₁)-value head-(cons₁₃)
(cons₁₃)-value!target-(append₄)
(append₄)-return

(null₃)-value tail-(cons₈)
(sole₆)-value head-(cons₈)
(cons₈)-value tail-(cons₉)
(sole₇)-value head-(cons₉)
(cons₉)-value tail-(cons₁₀)
(sole₈)-value head-(cons₁₀)
(cons₁₀)-value tail-(cons₁₆)
(sole₉)-value head-(cons₁₆)
(sole₁₀)-value head-(cons₁₅)
(sole₁₁)-value head-(cons₁₄)
(cons₁₄)-tail value-(cons₁₅)
(cons₁₅)-tail value-(cons₁₆)
(cons₁₄)-value

