net_from_port (add)-return
  (add₁₀)-target!value-(add1₂₁)
  (add₁₀)-addend value-(zero₁₉)
  (add1₂₁)-prev value-(zero₂₀)
end
net_from_port (add1)-value!
  (add1₂₂)-prev value-(zero₁₉)
end
