(add1₂₁)-value!target-(add₁₀)
(zero₁₉)-value addend-(add₁₀)
(zero₂₀)-value prev-(add1₂₁)
(add₁₀)-return

(zero₁₉)-value prev-(add1₂₂)
(add1₂₂)-value

