(diff₁)-value!target-(diff_append₀)
(diff₁)-back tail-(cons₁)
(diff₀)-back tail-(cons₀)
(diff₀)-value rest-(diff_append₀)
(cons₂)-value front-(diff₁)
(cons₁)-value tail-(cons₂)
(sole₂)-value head-(cons₂)
(sole₁)-value head-(cons₁)
(cons₀)-value front-(diff₀)
(sole₀)-value head-(cons₀)
(diff_append₀)-return

(cons₀)-value tail-(cons₁)
(cons₀)-tail back-(diff₂)
(cons₂)-value front-(diff₂)
(cons₁)-value tail-(cons₂)
(sole₂)-value head-(cons₂)
(sole₁)-value head-(cons₁)
(sole₀)-value head-(cons₀)
(diff₂)-value

(diff₄)-value!target-(diff_append₁)
(diff₄)-back tail-(cons₅)
(diff₃)-back tail-(cons₃)
(diff₃)-value rest-(diff_append₁)
(cons₆)-value front-(diff₄)
(cons₅)-value tail-(cons₆)
(sole₆)-value head-(cons₆)
(sole₅)-value head-(cons₅)
(cons₄)-value front-(diff₃)
(cons₃)-value tail-(cons₄)
(sole₄)-value head-(cons₄)
(sole₃)-value head-(cons₃)
(diff_append₁)-return

(cons₄)-value tail-(cons₅)
(cons₃)-tail back-(diff₅)
(cons₆)-value front-(diff₅)
(cons₅)-value tail-(cons₆)
(sole₆)-value head-(cons₆)
(sole₅)-value head-(cons₅)
(cons₃)-value tail-(cons₄)
(sole₄)-value head-(cons₄)
(sole₃)-value head-(cons₃)
(diff₅)-value

(diff₇)-value!target-(diff_append₂)
(diff₇)-back tail-(cons₉)
(diff₆)-back tail-(cons₇)
(diff₆)-value rest-(diff_append₂)
(cons₁₀)-value front-(diff₇)
(cons₉)-value tail-(cons₁₀)
(sole₁₀)-value head-(cons₁₀)
(sole₉)-value head-(cons₉)
(cons₈)-value front-(diff₆)
(cons₇)-value tail-(cons₈)
(sole₈)-value head-(cons₈)
(sole₇)-value head-(cons₇)
(diff_append₂)-return

(cons₈)-value tail-(cons₉)
(cons₇)-tail back-(diff₈)
(cons₁₀)-value front-(diff₈)
(cons₉)-value tail-(cons₁₀)
(sole₁₀)-value head-(cons₁₀)
(sole₉)-value head-(cons₉)
(cons₇)-value tail-(cons₈)
(sole₈)-value head-(cons₈)
(sole₇)-value head-(cons₇)
(diff₈)-value

