(cons₅)-value!target-(append₀)
(cons₂)-value rest-(append₀)
(cons₄)-value tail-(cons₅)
(sole₅)-value head-(cons₅)
(cons₃)-value tail-(cons₄)
(sole₄)-value head-(cons₄)
(null₁)-value tail-(cons₃)
(sole₃)-value head-(cons₃)
(cons₁)-value tail-(cons₂)
(sole₂)-value head-(cons₂)
(cons₀)-value tail-(cons₁)
(sole₁)-value head-(cons₁)
(null₀)-value tail-(cons₀)
(sole₀)-value head-(cons₀)
(append₀)-return

(cons₂)-value tail-(cons₈)
(cons₈)-value tail-(cons₇)
(sole₃)-value head-(cons₈)
(cons₇)-value tail-(cons₆)
(sole₄)-value head-(cons₇)
(sole₅)-value head-(cons₆)
(cons₁)-value tail-(cons₂)
(sole₂)-value head-(cons₂)
(cons₀)-value tail-(cons₁)
(sole₁)-value head-(cons₁)
(null₀)-value tail-(cons₀)
(sole₀)-value head-(cons₀)
(cons₆)-value

