(add₁)-return _placeholder_input_port_for_return_of_add-(_placeholder_input_node_for_return_of_add₁)
(add1₀)-prev _placeholder_output_port_for_prev_of_add1-(_placeholder_output_node_for_prev_of_add1₀)
(_placeholder_output_node_for_addend_of_add₁)-_placeholder_output_port_for_addend_of_add

(add₂)-return prev-(add1₁)
(_placeholder_output_node_for_addend_of_add₁)-_placeholder_output_port_for_addend_of_add addend-(add₂)
(_placeholder_output_node_for_prev_of_add1₀)-_placeholder_output_port_for_prev_of_add1 target-(add₂)
(add1₁)-value
(_placeholder_input_node_for_return_of_add₁)-_placeholder_input_port_for_return_of_add

(add1₃)-value!target-(add₃)
(add1₂)-value addend-(add₃)
(zero₂)-value prev-(add1₃)
(zero₁)-value prev-(add1₂)
(add₃)-return

