(zero₁)-value prev-(add1₂)
(add1₂)-value prev-(add1₃)
(add1₃)-value

(zero₁)-value prev-(add1₂)
(add1₂)-value prev-(add1₃)
(add1₃)-value

