net_from_port (add₀)-target! end
net_from_port (add₀)-addend end
net_from_port (add₀)-return end
